<?xml version="1.0" encoding="utf-8"?><testsuites><testsuite name="pytest" errors="0" failures="0" skipped="0" tests="14" time="1.563" timestamp="2026-01-03T22:06:49.230152" hostname="Hellohistory"><testcase classname="tests.test_inspector.TestFileInspector" name="test_compressed_files" time="0.212" /><testcase classname="tests.test_inspector.TestFileInspector" name="test_corrupted_images" time="0.005" /><testcase classname="tests.test_inspector.TestFileInspector" name="test_docx_files" time="0.010" /><testcase classname="tests.test_inspector.TestFileInspector" name="test_excel_files" time="0.009" /><testcase classname="tests.test_inspector.TestFileInspector" name="test_fast_mode" time="0.001" /><testcase classname="tests.test_inspector.TestFileInspector" name="test_good_images" time="0.009" /><testcase classname="tests.test_inspector.TestFileInspector" name="test_invalid_mode" time="0.001" /><testcase classname="tests.test_inspector.TestFileInspector" name="test_media_files" time="0.038" /><testcase classname="tests.test_inspector.TestFileInspector" name="test_non_existent_file" time="0.001" /><testcase classname="tests.test_inspector.TestFileInspector" name="test_pdf_files" time="0.003" /><testcase classname="tests.test_inspector.TestFileInspector" name="test_pptx_files" time="0.007" /><testcase classname="tests.test_inspector.TestFileInspector" name="test_rar_files" time="0.019" /><testcase classname="tests.test_inspector.TestFileInspector" name="test_text_files" time="0.002" /><testcase classname="tests.test_inspector.TestFileInspector" name="test_zip_files" time="0.012" /></testsuite></testsuites>